en desktop1080 z100 s1 vh=1080 gap=187.3px padB=24px off=False
en desktop1080 z100 s2 vh=1080 gap=166.8px padB=24px off=False
en desktop1080 z100 s3 vh=1080 gap=24.0px padB=24px off=False
en desktop1080 z125 s1 vh=864 gap=79.3px padB=24px off=False
en desktop1080 z125 s2 vh=864 gap=58.8px padB=24px off=False
en desktop1080 z125 s3 vh=864 gap=24.0px padB=24px off=False
en desktop1080 z150 s1 vh=720 gap=24.0px padB=24px off=False
en desktop1080 z150 s2 vh=720 gap=24.0px padB=24px off=False
en desktop1080 z150 s3 vh=720 gap=24.0px padB=24px off=False
en desktop1080 z200 s1 vh=540 gap=16.0px padB=16px off=False
en desktop1080 z200 s2 vh=540 gap=16.0px padB=16px off=False
en desktop1080 z200 s3 vh=540 gap=16.0px padB=16px off=False
en laptop800 z100 s1 vh=800 gap=47.3px padB=24px off=False
en laptop800 z100 s2 vh=800 gap=26.8px padB=24px off=False
en laptop800 z100 s3 vh=800 gap=24.0px padB=24px off=False
en laptop800 z125 s1 vh=640 gap=24.0px padB=24px off=False
en laptop800 z125 s2 vh=640 gap=24.0px padB=24px off=False
en laptop800 z125 s3 vh=640 gap=24.0px padB=24px off=False
en laptop800 z150 s1 vh=533 gap=16.0px padB=16px off=False
en laptop800 z150 s2 vh=533 gap=16.0px padB=16px off=False
en laptop800 z150 s3 vh=533 gap=16.0px padB=16px off=False
en laptop800 z200 s1 vh=400 gap=16.0px padB=16px off=False
en laptop800 z200 s2 vh=400 gap=16.0px padB=16px off=False
en laptop800 z200 s3 vh=400 gap=16.0px padB=16px off=False
en short740 z100 s1 vh=740 gap=24.0px padB=24px off=False
en short740 z100 s2 vh=740 gap=24.0px padB=24px off=False
en short740 z100 s3 vh=740 gap=24.0px padB=24px off=False
en short740 z125 s1 vh=592 gap=24.0px padB=24px off=False
en short740 z125 s2 vh=592 gap=24.0px padB=24px off=False
en short740 z125 s3 vh=592 gap=24.0px padB=24px off=False
en short740 z150 s1 vh=493 gap=16.0px padB=16px off=False
en short740 z150 s2 vh=493 gap=16.0px padB=16px off=False
en short740 z150 s3 vh=493 gap=16.0px padB=16px off=False
en short740 z200 s1 vh=370 gap=-3.8px padB=16px off=True <-- TIGHT/OFFSCREEN
en short740 z200 s2 vh=370 gap=15.6px padB=16px off=False
en short740 z200 s3 vh=370 gap=16.0px padB=16px off=False
en phone667 z100 s1 vh=667 gap=16.0px padB=16px off=False
en phone667 z100 s2 vh=667 gap=17.4px padB=16px off=False
en phone667 z100 s3 vh=667 gap=16.0px padB=16px off=False
en phone667 z125 s1 vh=534 gap=16.0px padB=16px off=False
en phone667 z125 s2 vh=534 gap=16.0px padB=16px off=False
en phone667 z125 s3 vh=534 gap=16.0px padB=16px off=False
en phone667 z150 s1 vh=445 gap=-99.8px padB=16px off=True <-- TIGHT/OFFSCREEN
en phone667 z150 s2 vh=445 gap=-7.8px padB=16px off=True <-- TIGHT/OFFSCREEN
en phone667 z150 s3 vh=445 gap=16.2px padB=16px off=False
en phone667 z200 s1 vh=334 gap=15.9px padB=16px off=False
en phone667 z200 s2 vh=334 gap=16.2px padB=16px off=False
en phone667 z200 s3 vh=334 gap=16.2px padB=16px off=False
fr desktop1080 z100 s1 vh=1080 gap=173.7px padB=24px off=False
fr desktop1080 z100 s2 vh=1080 gap=166.8px padB=24px off=False
fr desktop1080 z100 s3 vh=1080 gap=24.0px padB=24px off=False
fr desktop1080 z125 s1 vh=864 gap=65.7px padB=24px off=False
fr desktop1080 z125 s2 vh=864 gap=58.8px padB=24px off=False
fr desktop1080 z125 s3 vh=864 gap=24.0px padB=24px off=False
fr desktop1080 z150 s1 vh=720 gap=24.0px padB=24px off=False
fr desktop1080 z150 s2 vh=720 gap=24.0px padB=24px off=False
fr desktop1080 z150 s3 vh=720 gap=24.0px padB=24px off=False
fr desktop1080 z200 s1 vh=540 gap=16.0px padB=16px off=False
fr desktop1080 z200 s2 vh=540 gap=16.0px padB=16px off=False
fr desktop1080 z200 s3 vh=540 gap=16.0px padB=16px off=False
fr laptop800 z100 s1 vh=800 gap=33.7px padB=24px off=False
fr laptop800 z100 s2 vh=800 gap=26.8px padB=24px off=False
fr laptop800 z100 s3 vh=800 gap=24.0px padB=24px off=False
fr laptop800 z125 s1 vh=640 gap=24.0px padB=24px off=False
fr laptop800 z125 s2 vh=640 gap=24.0px padB=24px off=False
fr laptop800 z125 s3 vh=640 gap=24.0px padB=24px off=False
fr laptop800 z150 s1 vh=533 gap=16.0px padB=16px off=False
fr laptop800 z150 s2 vh=533 gap=16.0px padB=16px off=False
fr laptop800 z150 s3 vh=533 gap=16.0px padB=16px off=False
fr laptop800 z200 s1 vh=400 gap=16.0px padB=16px off=False
fr laptop800 z200 s2 vh=400 gap=16.0px padB=16px off=False
fr laptop800 z200 s3 vh=400 gap=16.0px padB=16px off=False
fr short740 z100 s1 vh=740 gap=24.0px padB=24px off=False
fr short740 z100 s2 vh=740 gap=24.0px padB=24px off=False
fr short740 z100 s3 vh=740 gap=24.0px padB=24px off=False
fr short740 z125 s1 vh=592 gap=24.0px padB=24px off=False
fr short740 z125 s2 vh=592 gap=24.0px padB=24px off=False
fr short740 z125 s3 vh=592 gap=24.0px padB=24px off=False
fr short740 z150 s1 vh=493 gap=16.0px padB=16px off=False
fr short740 z150 s2 vh=493 gap=16.0px padB=16px off=False
fr short740 z150 s3 vh=493 gap=16.0px padB=16px off=False
fr short740 z200 s1 vh=370 gap=-3.8px padB=16px off=True <-- TIGHT/OFFSCREEN
fr short740 z200 s2 vh=370 gap=15.6px padB=16px off=False
fr short740 z200 s3 vh=370 gap=16.0px padB=16px off=False
fr phone667 z100 s1 vh=667 gap=16.0px padB=16px off=False
fr phone667 z100 s2 vh=667 gap=16.0px padB=16px off=False
fr phone667 z100 s3 vh=667 gap=16.0px padB=16px off=False
fr phone667 z125 s1 vh=534 gap=7.6px padB=16px off=False <-- TIGHT/OFFSCREEN
fr phone667 z125 s2 vh=534 gap=16.0px padB=16px off=False
fr phone667 z125 s3 vh=534 gap=16.0px padB=16px off=False
fr phone667 z150 s1 vh=445 gap=16.1px padB=16px off=False
fr phone667 z150 s2 vh=445 gap=16.2px padB=16px off=False
fr phone667 z150 s3 vh=445 gap=16.2px padB=16px off=False
fr phone667 z200 s1 vh=334 gap=16.5px padB=16px off=False
fr phone667 z200 s2 vh=334 gap=16.2px padB=16px off=False
fr phone667 z200 s3 vh=334 gap=16.2px padB=16px off=False

5 of 96 combos tight (<12px) or offscreen
